[v1303] re-run seed=0 mat=20 track=50 win=500 N=None mode=smoke
  [engine_accel] Loaded: link_strength_sum, exclusion, latent_refresh, cycle_finder(C)
  [engine_accel_v3] Patched: key, get_latent, set_latent
  [engine_accel_v5] L dict -> ShardedLatentDict
  [engine_accel_v5] get_latent/set_latent -> shard-direct
  [engine_accel_v5] RealizationOperator.step -> shard-based refresh
  ⟐ Injection (300 steps)...
  ⟐ Injection done (66s).
  seed=0 mat done. labels=15 links=2984 cids_total=67 hosted=15 ghosts=0
  seed=0 w=20 vLb=14 hosted=15 ghost=0 births=2 reaped=0 ing=0(0empty) phantom=0 cids_total=68 recip=49 124s
  seed=0 w=21 vLb=24 hosted=14 ghost=2 births=0 reaped=0 ing=0(0empty) phantom=0 cids_total=78 recip=50 125s
  seed=0 w=22 vLb=19 hosted=24 ghost=2 births=5 reaped=0 ing=0(0empty) phantom=0 cids_total=78 recip=81 125s
  seed=0 w=23 vLb=18 hosted=19 ghost=7 births=2 reaped=0 ing=0(0empty) phantom=0 cids_total=79 recip=82 123s
  seed=0 w=24 vLb=17 hosted=18 ghost=9 births=4 reaped=0 ing=0(0empty) phantom=0 cids_total=82 recip=78 123s
  seed=0 w=25 vLb=19 hosted=17 ghost=12 births=2 reaped=1 ing=1(0empty) phantom=0 cids_total=86 recip=59 123s
  seed=0 w=26 vLb=19 hosted=19 ghost=13 births=5 reaped=1 ing=1(0empty) phantom=0 cids_total=91 recip=77 122s
  seed=0 w=27 vLb=21 hosted=19 ghost=17 births=2 reaped=1 ing=1(0empty) phantom=0 cids_total=95 recip=81 121s
  seed=0 w=28 vLb=21 hosted=21 ghost=16 births=3 reaped=3 ing=3(0empty) phantom=0 cids_total=98 recip=93 121s
  seed=0 w=29 vLb=20 hosted=21 ghost=19 births=2 reaped=0 ing=0(0empty) phantom=0 cids_total=99 recip=107 121s
  seed=0 w=30 vLb=20 hosted=20 ghost=19 births=2 reaped=2 ing=2(0empty) phantom=0 cids_total=101 recip=103 119s
  seed=0 w=31 vLb=24 hosted=20 ghost=20 births=2 reaped=1 ing=1(0empty) phantom=0 cids_total=107 recip=92 118s
  seed=0 w=32 vLb=30 hosted=24 ghost=19 births=6 reaped=3 ing=3(0empty) phantom=0 cids_total=119 recip=87 119s
  seed=0 w=33 vLb=21 hosted=30 ghost=20 births=13 reaped=5 ing=5(0empty) phantom=0 cids_total=123 recip=110 119s
  seed=0 w=34 vLb=18 hosted=21 ghost=29 births=3 reaped=4 ing=4(0empty) phantom=0 cids_total=123 recip=94 118s
  seed=0 w=35 vLb=21 hosted=18 ghost=27 births=2 reaped=5 ing=5(0empty) phantom=0 cids_total=128 recip=92 117s
  seed=0 w=36 vLb=21 hosted=21 ghost=24 births=3 reaped=5 ing=5(0empty) phantom=0 cids_total=131 recip=98 118s
  seed=0 w=37 vLb=21 hosted=21 ghost=25 births=1 reaped=2 ing=2(0empty) phantom=0 cids_total=132 recip=92 118s
  seed=0 w=38 vLb=34 hosted=21 ghost=22 births=0 reaped=4 ing=4(0empty) phantom=0 cids_total=145 recip=106 117s
  seed=0 w=39 vLb=23 hosted=34 ghost=18 births=12 reaped=4 ing=4(0empty) phantom=0 cids_total=146 recip=163 119s
  seed=0 w=40 vLb=26 hosted=23 ghost=26 births=2 reaped=4 ing=4(0empty) phantom=0 cids_total=151 recip=129 117s
  seed=0 w=41 vLb=22 hosted=26 ghost=24 births=9 reaped=5 ing=4(0empty) phantom=0 cids_total=156 recip=142 118s
  seed=0 w=42 vLb=26 hosted=22 ghost=26 births=2 reaped=6 ing=6(0empty) phantom=0 cids_total=162 recip=112 116s
  seed=0 w=43 vLb=26 hosted=26 ghost=25 births=4 reaped=3 ing=3(0empty) phantom=0 cids_total=166 recip=137 115s
  seed=0 w=44 vLb=25 hosted=26 ghost=22 births=6 reaped=7 ing=7(0empty) phantom=0 cids_total=171 recip=125 115s
  seed=0 w=45 vLb=25 hosted=25 ghost=23 births=7 reaped=5 ing=5(0empty) phantom=0 cids_total=178 recip=120 114s
  seed=0 w=46 vLb=22 hosted=25 ghost=20 births=5 reaped=10 ing=10(0empty) phantom=0 cids_total=180 recip=123 113s
  seed=0 w=47 vLb=26 hosted=22 ghost=22 births=2 reaped=3 ing=3(0empty) phantom=0 cids_total=186 recip=138 111s
  seed=0 w=48 vLb=27 hosted=26 ghost=20 births=2 reaped=4 ing=4(0empty) phantom=0 cids_total=189 recip=153 112s
  seed=0 w=49 vLb=21 hosted=27 ghost=17 births=6 reaped=7 ing=5(0empty) phantom=0 cids_total=189 recip=160 112s
  seed=0 w=50 vLb=22 hosted=21 ghost=15 births=0 reaped=6 ing=6(0empty) phantom=0 cids_total=190 recip=159 111s
  seed=0 w=51 vLb=19 hosted=22 ghost=10 births=3 reaped=6 ing=5(0empty) phantom=0 cids_total=190 recip=157 110s
  seed=0 w=52 vLb=24 hosted=19 ghost=10 births=1 reaped=2 ing=2(0empty) phantom=0 cids_total=196 recip=127 109s
  seed=0 w=53 vLb=25 hosted=24 ghost=5 births=3 reaped=6 ing=6(0empty) phantom=0 cids_total=200 recip=146 111s
  seed=0 w=54 vLb=25 hosted=25 ghost=5 births=4 reaped=4 ing=3(0empty) phantom=0 cids_total=204 recip=153 110s
  seed=0 w=55 vLb=27 hosted=25 ghost=3 births=1 reaped=5 ing=5(0empty) phantom=0 cids_total=207 recip=149 109s
  seed=0 w=56 vLb=20 hosted=27 ghost=4 births=7 reaped=1 ing=0(0empty) phantom=0 cids_total=207 recip=165 109s
  seed=0 w=57 vLb=28 hosted=20 ghost=7 births=2 reaped=4 ing=3(0empty) phantom=0 cids_total=217 recip=143 108s
  seed=0 w=58 vLb=28 hosted=28 ghost=7 births=5 reaped=3 ing=1(0empty) phantom=0 cids_total=222 recip=160 110s
  seed=0 w=59 vLb=30 hosted=28 ghost=8 births=3 reaped=2 ing=2(0empty) phantom=0 cids_total=227 recip=170 109s
  seed=0 w=60 vLb=24 hosted=30 ghost=6 births=6 reaped=9 ing=5(0empty) phantom=0 cids_total=227 recip=183 109s
  seed=0 w=61 vLb=24 hosted=24 ghost=3 births=1 reaped=6 ing=5(0empty) phantom=0 cids_total=228 recip=162 107s
  seed=0 w=62 vLb=33 hosted=24 ghost=1 births=0 reaped=2 ing=2(0empty) phantom=0 cids_total=237 recip=167 107s
  seed=0 w=63 vLb=29 hosted=33 ghost=1 births=7 reaped=2 ing=0(0empty) phantom=0 cids_total=240 recip=223 107s
  seed=0 w=64 vLb=35 hosted=29 ghost=4 births=2 reaped=4 ing=2(0empty) phantom=0 cids_total=248 recip=243 106s
  seed=0 w=65 vLb=46 hosted=35 ghost=2 births=4 reaped=2 ing=2(0empty) phantom=0 cids_total=263 recip=278 107s
  seed=0 w=66 vLb=45 hosted=46 ghost=3 births=6 reaped=4 ing=3(0empty) phantom=0 cids_total=268 recip=330 107s
  seed=0 w=67 vLb=40 hosted=45 ghost=5 births=9 reaped=8 ing=3(0empty) phantom=0 cids_total=272 recip=349 107s
  seed=0 w=68 vLb=43 hosted=40 ghost=6 births=5 reaped=5 ing=3(0empty) phantom=0 cids_total=280 recip=314 106s
  seed=0 w=69 vLb=37 hosted=43 ghost=4 births=6 reaped=7 ing=5(0empty) phantom=0 cids_total=280 recip=342 105s
  v9.18 Layer C: finalized at tracking_end: 43 cids
  v9.15 Layer C: per_cid_self: 280 rows -> diag_v105_v1303smoke/selfread/per_cid_self_seed0.csv
  v9.15 Layer C: divergence_log: 3445 rows -> diag_v105_v1303smoke/selfread/divergence_log_seed0.csv
  v9.16 Layer C: observation_log: 3445 rows -> diag_v105_v1303smoke/selfread/observation_log_seed0.csv
  v9.17 Layer C: other_records: 2610 rows -> diag_v105_v1303smoke/selfread/other_records_seed0.csv
  v9.17 Layer C: interaction_log: 1087 rows -> diag_v105_v1303smoke/selfread/interaction_log_seed0.csv
  v9.15 Layer C: class_divergence: 32 rows -> diag_v105_v1303smoke/selfread/class_divergence_seed0.csv
  v9.18 Layer C: v18_window_trajectory: 1275 rows -> diag_v105_v1303smoke/selfread/v18_window_trajectory_seed0.csv
  v10.5 α: lifecycle_log: 1063 rows -> diag_v105_v1303smoke/integration/alpha_lifecycle_log_seed0.csv
  v10.5 α: membership_log: 27 rows -> diag_v105_v1303smoke/integration/alpha_membership_log_seed0.csv
  v10.5 β: lifecycle_log: 677 rows -> diag_v105_v1303smoke/integration/beta_lifecycle_log_seed0.csv
  v10.5 β: distribution_log: 49 rows -> diag_v105_v1303smoke/integration/beta_distribution_log_seed0.csv
  v10.5 β: membership_log: 107 rows -> diag_v105_v1303smoke/integration/beta_membership_log_seed0.csv
  v10.5 Integration summary: α(total=424 active=330 recorded=94) β(total=107 active=88 recorded=19) alpha_trigger_dist={'be3': 248, 'open_triad': 142, 'third_overlap': 34}
  v10.5 Salience: event_log: 3114 rows -> diag_v105_v1303smoke/salience/salience_event_log_seed0.csv
  v10.5 Leakage: event_log: 19 rows -> diag_v105_v1303smoke/leakage/leakage_event_log_seed0.csv

  seed=0 DONE in 8262s
    cids total:    280
    hosted now:    37
    ghosts now:    8
    reaped:        235
    label rows:    228
    subject rows:  228
    tag entries:   1025
    total tags:    714
    tag dist:
             gain_social: 83
             loss_social: 22
          gain_stability: 16
          loss_stability: 29
             gain_spread: 2
             loss_spread: 18
        gain_familiarity: 171
        loss_familiarity: 373
    --- v10.1 Ingestion ---
    ingestion events: 155
      empty (gain=0): 0 (0.0%)
      total gain:     985
      total received: 893
      total digested: 92
      unique eaters:  55
      unique ghosts:  155
    phantom contacts: 0
    initial residual_Q stats:
      mean: 4.17
      max:  18
      >0:   163/243
    conv ratio:    3.181573402082647
  v913: link_life_log: 1546651 rows -> diag_v105_v1303smoke/persistence/link_life_log_seed0.csv
  v913: link_snapshot_log: 136578 rows -> diag_v105_v1303smoke/persistence/link_snapshot_log_seed0.csv
  v913: label_member_persistence: 308 rows -> diag_v105_v1303smoke/persistence/label_member_persistence_seed0.csv
  v913: shadow_component_log: 117 rows -> diag_v105_v1303smoke/persistence/shadow_component_log_seed0.csv
  v913 Step 0 persistence audit done. Output: diag_v105_v1303smoke/persistence
  v914 Layer B: 228 cid registered, 3445 events, 224 cids have spent, 55 cids hit Q=0, 0 cids Q<0 (MUST be 0)
    E1_birth: 13 events (8 spent)
    E1_death: 322 events (317 spent)
    E2_fall: 250 events (250 spent)
    E2_rise: 250 events (250 spent)
    E3_contact: 2610 events (2455 spent)
    delta_norm: min=0.0000, max=0.7768, mean=0.1505
    [debug] last step: cids_with_alive_member_links=0, total alive member links=0, max per cid=0, R>0 entries=0
    [debug] member_nodes size distribution: [(2, 180), (3, 12), (4, 15), (5, 21)]
  v914 Layer B audit CSVs written to diag_v105_v1303smoke/audit/
    per_event_audit: 3445 rows
    per_subject_audit: 228 rows
    run_level_audit_summary: 4 rows
  v10.3 bidirectional E3 CSVs written to diag_v105_v1303smoke/bidirectional/
    bidirectional_e3_log: 235 rows (235 fired, 0 skipped)
    bidirectional_e3_member_nodes: 235 rows
    bidirectional_e3_summary: 1 file
[v1303] capture: snaps=2501 track_steps=25000 cog=set engine=set
[v1303] ledger rows=62906 -> /home/takasan/esde/ESDE-Research/unified/v1303/outputs/v1303_ledger_seed0.parquet
[v1303] 3-lens hosted+rank1+static rows=62015
[v1303] phys_core_status: {'hosted_available': 62015, 'ghost_host_lost': 863, 'reaped': 28}
[v1303] health: {'health1_xor_violations': 0, 'health1_total_rows': 62906, 'health2_n2_Rpos_frac': 0.0404, 'health2_n2_rows': 19733, 'health2_n5_Rpos_frac': 0.0024, 'health2_n5_rows': 26854}
